  [90m╭─[m[1;35m metadata [m[90m─────────────╮[m
  [90m│ [m[90mtitle[m   Fixture       [90m │[m
  [90m│ [m[90mauthor[m  md test suite [90m │[m
  [90m│ [m[90mtags[m    render, golden[90m │[m
  [90m╰────────────────────────╯[m

                                                                           
  [34;48;5;254;1m [m[34;48;5;254;1mHeading[m[34;48;5;254;1m one[m[34;48;5;254;1m [m                                                            
                                                                           
  A paragraph with [1mbold[m, emphasis, [90;9mstrikethrough[m, [35m inline code [m and a ]8;id=3909271388;https://example.com/very/long/path?query=value[34mlink[m]8;; 
  [34;4m]8;id=3909271388;https://example.com/very/long/path?query=valuehttps://example.com/very/long/path?query=value]8;;[m.                          
                                                                           
  [34;1m▌ [m[34;1mLists[m                                                                  
                                                                           
  • first bullet                                                           
    • nested bullet                                                        
      • deeper still                                                       
                                                                           
  • second bullet with a very long line that has to be wrapped by the      
  renderer to                                                              
  fit within the configured width, because that is what readers expect     
                                                                           
  1. ordered one                                                           
  2. ordered two                                                           
    • nested under ordered                                                 
                                                                           
                                                                           
  [✓] finished task                                                        
  [ ] pending task                                                         
                                                                           
  ▌ A block quote, which should be marked down its left edge.              
  ▌                                                                        
  ▌ ▌ And a nested quote inside it.                                        
                                                                           
  Term                                                                     
      the definition of the term                                           
                                                                           
  Other term                                                               
      another definition                                                   
                                                                           
                                                                           
  [34;1m▌ [m[34;1mTable[m                                                                  
                                                                           
   Option        │     Type      │       Default │ Description             
  ───────────────┼───────────────┼───────────────┼─────────────────────────
   [35m --width [m     │      int      │      terminal │ render width in columns 
   [35m --theme [m     │    string     │          auto │ dark, light or mono     
                                                                           
  [34;1m▌ [m[34;1mCode[m                                                                   
                                                                           
  [90m╭─[m[1;35m go [m[90m─────────────────╮[m
  [90m│ [m[38;5;164mpackage[0m[38;5;16m [0m[38;5;16mmain[0m[38;5;16m        [90m │[m
  [90m│ [m                    [90m │[m
  [90m│ [m[0m[38;5;244m// A comment.       [90m │[m
  [90m│ [m[0m[38;5;164mfunc[0m[38;5;16m [0m[38;5;21mmain[0m[38;5;244m()[0m[38;5;16m [0m[38;5;244m{[0m[38;5;16m       [90m │[m
  [90m│ [m    [0m[38;5;44mprintln[0m[38;5;244m([0m[38;5;40m"hello"[0m[38;5;244m)[0m[38;5;16m[90m │[m
  [90m│ [m[0m[38;5;244m}[0m                   [90m │[m
  [90m╰──────────────────────╯[m
                                                                           
  [90m╭─[m[1;35m python [m[90m──────────────────────────────────────────────────────────────────╮[m
  [90m│ [m[38;5;164mdef[0m[38;5;16m [0m[38;5;21ma_really_long_line_that_will_not_fit_inside_any_reasonable_terminal_w[0m[38;5;244m[0m[38;5;16m[0m[38;5;244m[0m[38;5;16m[90m │[m
  [90m│ [m[90m↳ [m[38;5;164m[0m[38;5;16m[0m[38;5;21midth[0m[38;5;244m([0m[38;5;16mat_all[0m[38;5;244m):[0m[38;5;16m                                                          [90m │[m
  [90m│ [m[90m↳ [m[38;5;164m[0m[38;5;16m[0m[38;5;21m[0m[38;5;244m[0m[38;5;16m[0m[38;5;244m[0m[38;5;16m                                                                       [90m │[m
  [90m│ [m    [0m[38;5;164mreturn[0m[38;5;16m [0m[38;5;40m"wrapped with a continuation marker"[0m                          [90m │[m
  [90m╰───────────────────────────────────────────────────────────────────────────╯[m
                                                                           
  [90m╭─[m[1;35m unknown-language [m[90m────╮[m
  [90m│ [m[38;5;16mno lexer for this one[0m[90m │[m
  [90m╰───────────────────────╯[m
                                                                           
  [90m╭─[m[90m─────────────────────────────╮[m
  [90m│ [mplain fence with no language[90m │[m
  [90m╰──────────────────────────────╯[m
                                                                           
  An indented code block:                                                  
                                                                           
  indented line one                                                        
  indented line two                                                        
                                                                           
  [34;1m▌ [m[34;1mMermaid[m                                                                
                                                                           
  [90m╭─[m[1;35m mermaid [m[90m────────────╮[m
  [90m│ [m[90mgraph TD[m            [90m │[m
  [90m│ [m[90m    A --> B[m         [90m │[m
  [90m╰──────────────────────╯[m
                                                                           
  [34;1m▌ [m[34;1mExtras[m                                                                 
  [90m[m                                                                         
  [90m─────────────────────────────────────────────────────────────────────────[m
  [90m[m                                                                         
  Text with a footnote[1] and a second reference to it[1], plus one        
  more[2].                                                                 


  [90m─────────────────────────────────────────────────────────────────────────[m
  [1;34mFootnotes[m

    [35m1.[m The first note, which is long enough that it should wrap onto a second
       line when the terminal is narrow.
    [35m2.[m The second note.
